AR debouncer logica C:/Users/Willian/Documents/ISE/VHDL_Debouncer/debouncer.vhd sub00/vhpl01 1466635046
AR washmachine logic C:/Users/Willian/Documents/ISE/AP6_EX1_Maquina_Lavar/Wash_machine.vhd sub00/vhpl03 1466635048
EN washmachine NULL C:/Users/Willian/Documents/ISE/AP6_EX1_Maquina_Lavar/Wash_machine.vhd sub00/vhpl02 1466635047
EN debouncer NULL C:/Users/Willian/Documents/ISE/VHDL_Debouncer/debouncer.vhd sub00/vhpl00 1466635045
